train runs/bc_tok1024_v0.2_s0 --action-bins 1024 --img-dim 88 --head-hidden 64  00:11:21
train runs/bc_tok64_v0.2_s0 --action-bins 64 --img-dim 120  00:11:21
pybullet build time: Oct  4 2026 20:59:54
pybullet build time: Oct  4 2026 20:59:54
action tokens: 1024 bins on dims (0, 1), edges [(0.0, 1.0), (-0.34, 0.362)]
train rows 9952 (200 episodes), val rows 1028 (20 episodes), loaded in 12.5 s
model 475,609 parameters; vocab 17 ; Stop positives 666/9952 -> pos_weight 13.9; torch threads 8
  epoch   0  train 6.0931  val 0.3326  val horizontal RMSE 0.120 m/s
action tokens: 64 bins on dims (0, 1), edges [(0.0, 1.0), (-0.34, 0.362)]
train rows 9952 (200 episodes), val rows 1028 (20 episodes), loaded in 12.5 s
model 471,289 parameters; vocab 17 ; Stop positives 666/9952 -> pos_weight 13.9; torch threads 8
  epoch   0  train 2.5910  val 0.2660  val horizontal RMSE 0.072 m/s
  epoch   5  train 1.0604  val 0.1705  val horizontal RMSE 0.044 m/s
  epoch   5  train 3.4355  val 0.1978  val horizontal RMSE 0.051 m/s
  epoch  10  train 0.8500  val 0.1929  val horizontal RMSE 0.042 m/s
  epoch  10  train 2.7208  val 0.2120  val horizontal RMSE 0.043 m/s
  epoch  15  train 0.7020  val 0.1892  val horizontal RMSE 0.053 m/s
  epoch  15  train 2.2544  val 0.1930  val horizontal RMSE 0.050 m/s
  epoch  19  train 0.6301  val 0.1439  val horizontal RMSE 0.051 m/s
best epoch 19 (val loss 0.1439); val horizontal RMSE 0.051 m/s; Stop threshold 1.964 (val F1 0.894, precision 0.85, recall 0.95); trained 1781 s
wrote runs/bc_tok64_v0.2_s0
  epoch  19  train 1.9914  val 0.2094  val horizontal RMSE 0.041 m/s
best epoch 19 (val loss 0.2094); val horizontal RMSE 0.041 m/s; Stop threshold 0.622 (val F1 0.883, precision 0.83, recall 0.95); trained 1843 s
wrote runs/bc_tok1024_v0.2_s0
train runs/bc_tokchunk8_v0.2_s0 --action-bins 256 --img-dim 104 --chunk 8  00:42:27
train runs/bc_tokpaired_v0.2_s0 --action-bins 256 --img-dim 104 --paired-goal  00:42:27
pybullet build time: Oct  4 2026 20:59:54
pybullet build time: Oct  4 2026 20:59:54
paired goal targets: 9952 rows, mean |offset| own 1.85 m
action tokens: 256 bins on dims (0, 1), edges [(0.0, 1.0), (-0.34, 0.362)]
train rows 9952 (200 episodes), val rows 1028 (20 episodes), loaded in 10.9 s
model 480,555 parameters; vocab 17 ; Stop positives 666/9952 -> pos_weight 13.9; torch threads 8
  epoch   0  train 4.2033  val 0.2705  val horizontal RMSE 0.083 m/s
action chunks: H=8, valid future steps 0.930 of all
action tokens: 256 bins on dims (0, 1), edges [(0.0, 1.0), (-0.34, 0.362)]
train rows 9952 (200 episodes), val rows 1028 (20 episodes), loaded in 10.9 s
model 470,633 parameters; vocab 17 ; Stop positives 666/9952 -> pos_weight 13.9; torch threads 8
  epoch   0  train 3.7384  val 0.2970  val horizontal RMSE 0.090 m/s
  epoch   5  train 2.0063  val 0.3244  val horizontal RMSE 0.057 m/s
  epoch   5  train 1.9968  val 0.1759  val horizontal RMSE 0.047 m/s
  epoch  10  train 1.6736  val 0.4127  val horizontal RMSE 0.058 m/s
  epoch  10  train 1.5288  val 0.1697  val horizontal RMSE 0.043 m/s
  epoch  15  train 1.5027  val 0.4598  val horizontal RMSE 0.054 m/s
  epoch  15  train 1.2163  val 0.1557  val horizontal RMSE 0.040 m/s
  epoch  19  train 1.4075  val 0.8372  val horizontal RMSE 0.058 m/s
best epoch 19 (val loss 0.8372); val horizontal RMSE 0.058 m/s; Stop threshold -0.871 (val F1 0.790, precision 0.73, recall 0.87); trained 1929 s
wrote runs/bc_tokchunk8_v0.2_s0
  epoch  19  train 1.0190  val 0.1533  val horizontal RMSE 0.041 m/s
best epoch 19 (val loss 0.1533); val horizontal RMSE 0.041 m/s; Stop threshold 2.425 (val F1 0.892, precision 0.86, recall 0.92); trained 1988 s
wrote runs/bc_tokpaired_v0.2_s0
evaluate 10:35:00
pybullet build time: Oct  4 2026 20:59:54
/home/pchan/dronevla/.venv/lib/python3.12/site-packages/gymnasium/spaces/box.py:231: UserWarning: [33mWARN: Box low's precision lowered by casting to float32, current low.dtype=float64[0m
  gym.logger.warn(
/home/pchan/dronevla/.venv/lib/python3.12/site-packages/gymnasium/spaces/box.py:297: UserWarning: [33mWARN: Box high's precision lowered by casting to float32, current high.dtype=float64[0m
  gym.logger.warn(
[INFO] BaseAviary.__init__() loaded parameters from the drone's .urdf:
[INFO] m 0.027000, L 0.039700,
[INFO] ixx 0.000014, iyy 0.000014, izz 0.000022,
[INFO] kf 3.160000e-10, km 7.940000e-12,
[INFO] t2w 2.250000, max_speed_kmh 30.000000,
[INFO] gnd_eff_coeff 11.368590, prop_radius 0.023135,
[INFO] drag_xy_coeff 0.000001, drag_z_coeff 0.000001,
[INFO] dw_coeff_1 2267.180000, dw_coeff_2 0.160000, dw_coeff_3 -0.110000
bc_v0.2_s0 (RGB+text BC)           SR  3/20 [0.052, 0.36]  pairs 0/10  wrong-target 5  timeout 0  collision 2  OSR 0.30  NE med 1.38 m  latency p50 2.95 ms
bc_tok256_v0.2_s0 (RGB+text BC, 256-bin tokens) SR  8/20 [0.219, 0.613]  pairs 1/10  wrong-target 5  timeout 0  collision 0  OSR 0.60  NE med 0.22 m  latency p50 3.18 ms
bc_tok64_v0.2_s0 (RGB+text BC, 64-bin tokens) SR  7/20 [0.181, 0.567]  pairs 1/10  wrong-target 10  timeout 0  collision 0  OSR 0.50  NE med 0.99 m  latency p50 3.17 ms
bc_tok1024_v0.2_s0 (RGB+text BC, 1024-bin tokens) SR  4/20 [0.081, 0.416]  pairs 0/10  wrong-target 6  timeout 0  collision 1  OSR 0.60  NE med 0.85 m  latency p50 3.22 ms
bc_tokchunk8_v0.2_s0 (RGB+text BC, 256-bin tokens, chunk 8, exec 1) SR  8/20 [0.219, 0.613]  pairs 3/10  wrong-target 6  timeout 0  collision 3  OSR 0.65  NE med 0.29 m  latency p50 3.34 ms
bc_tokchunk8_v0.2_s0 (RGB+text BC, 256-bin tokens, chunk 8, exec 8) SR  9/20 [0.258, 0.658]  pairs 1/10  wrong-target 9  timeout 0  collision 0  OSR 0.55  NE med 0.29 m  latency p50 0.00 ms
bc_tokpaired_v0.2_s0 (RGB+text BC, paired goal, 256-bin tokens) SR  7/20 [0.181, 0.567]  pairs 0/10  wrong-target 7  timeout 0  collision 0  OSR 0.55  NE med 0.42 m  latency p50 3.15 ms
wrote reports/eval_tokens2_s0_val.json and reports/eval_tokens2_s0_val.png
policy                                       succ pairOK  correct inverted collapsed  nearer left   params  train_s
bc_v0.2_s0 (RGB+text BC)                        3      0        0        0        10      18    8   480901  505
bc_tok256_v0.2_s0 (RGB+text BC, 256-bin toke    8      1        3        0         7      11   11   469609  461
bc_tok64_v0.2_s0 (RGB+text BC, 64-bin tokens    7      1        1        1         8      16    8   471289  1781
bc_tok1024_v0.2_s0 (RGB+text BC, 1024-bin to    4      0        2        0         8      14   14   475609  1843
bc_tokchunk8_v0.2_s0 (RGB+text BC, 256-bin t    8      3        4        1         5       9    7   470633  1929
bc_tokchunk8_v0.2_s0 (RGB+text BC, 256-bin t    9      1        1        0         9      15   11   470633  1929
bc_tokpaired_v0.2_s0 (RGB+text BC, paired go    7      0        2        0         8      14   10   480555  1988
wrote reports/tokens2_s0_val_summary.json
runs/bc_tok64_v0.2_s0 {'t = 0': 0.0, 't = 1-4': 0.0, 't = 5-9': 0.0, 't >= 10': 0.0} dir 60/200
runs/bc_tok1024_v0.2_s0 {'t = 0': 0.0, 't = 1-4': 0.0, 't = 5-9': 0.0, 't >= 10': 0.0} dir 72/200
runs/bc_tokchunk8_v0.2_s0 {'t = 0': 0.1206, 't = 1-4': 0.0014, 't = 5-9': 0.0014, 't >= 10': 0.0027} dir 128/200
runs/bc_tokpaired_v0.2_s0 {'t = 0': 0.0, 't = 1-4': 0.0, 't = 5-9': 0.0, 't >= 10': 0.0} dir 86/200
expert {'t = 0': 0.1999, 't = 1-4': 0.2094, 't = 5-9': 0.2363, 't >= 10': 0.435}
share of rows {'t = 0': 0.02009646302250804, 't = 1-4': 0.08038585209003216, 't = 5-9': 0.10048231511254019, 't >= 10': 0.7990353697749196} relabel check {'own_goal_max_abs_error_mps': {'median': 0.0, 'p99': 0.0, 'max': 1.4901161193847656e-08}, 'own_goal_stop_agreement': 1.0, 'counterfactual_rows': 9952, 'counterfactual_stop_positives': 0}
wrote reports/instruction_sensitivity_tokens2_train.json
done 10:41:25
