# glxinfo -B --- default environment, no renderer override
# captured      : 2026-10-04T21:59:02+09:00
# shell         : non-interactive, wsl.exe -d Ubuntu-24.04 -- bash <this script>
# mesa-utils    : 9.0.0-2
# libgl1-mesa-dri: 25.2.8-0ubuntu0.24.04.4
# DISPLAY                     : :0
# WAYLAND_DISPLAY             : wayland-0
# GALLIUM_DRIVER              : <unset>
# LIBGL_ALWAYS_SOFTWARE       : <unset>
# MESA_LOADER_DRIVER_OVERRIDE : <unset>

name of display: :0
display: :0  screen: 0
direct rendering: Yes
Extended renderer info (GLX_MESA_query_renderer):
    Vendor: Mesa (0xffffffff)
    Device: llvmpipe (LLVM 20.1.2, 256 bits) (0xffffffff)
    Version: 25.2.8
    Accelerated: no
    Video memory: 7722MB
    Unified memory: yes
    Preferred profile: core (0x1)
    Max core profile version: 4.5
    Max compat profile version: 4.5
    Max GLES1 profile version: 1.1
    Max GLES[23] profile version: 3.2
Memory info (GL_ATI_meminfo):
    VBO free memory - total: 0 MB, largest block: 0 MB
    VBO free aux. memory - total: 6593 MB, largest block: 6593 MB
    Texture free memory - total: 0 MB, largest block: 0 MB
    Texture free aux. memory - total: 6593 MB, largest block: 6593 MB
    Renderbuffer free memory - total: 0 MB, largest block: 0 MB
    Renderbuffer free aux. memory - total: 6593 MB, largest block: 6593 MB
Memory info (GL_NVX_gpu_memory_info):
    Dedicated video memory: 0 MB
    Total available memory: 7722 MB
    Currently available dedicated video memory: 0 MB
OpenGL vendor string: Mesa
OpenGL renderer string: llvmpipe (LLVM 20.1.2, 256 bits)
OpenGL core profile version string: 4.5 (Core Profile) Mesa 25.2.8-0ubuntu0.24.04.4
OpenGL core profile shading language version string: 4.50
OpenGL core profile context flags: (none)
OpenGL core profile profile mask: core profile

OpenGL version string: 4.5 (Compatibility Profile) Mesa 25.2.8-0ubuntu0.24.04.4
OpenGL shading language version string: 4.50
OpenGL context flags: (none)
OpenGL profile mask: compatibility profile

OpenGL ES profile version string: OpenGL ES 3.2 Mesa 25.2.8-0ubuntu0.24.04.4
OpenGL ES profile shading language version string: OpenGL ES GLSL ES 3.20


# --- glxinfo -B exited with status 0
